[debug] [2026-01-20T14:59:52.146Z] ----------------------------------------------------------------------
[debug] [2026-01-20T14:59:52.148Z] Command:       /Users/sungwon-kim/.local/share/mise/installs/node/20.18.1/bin/node /Users/sungwon-kim/.local/share/mise/installs/node/20.18.1/bin/firebase deploy --only functions
[debug] [2026-01-20T14:59:52.148Z] CLI Version:   15.1.0
[debug] [2026-01-20T14:59:52.148Z] Platform:      darwin
[debug] [2026-01-20T14:59:52.148Z] Node Version:  v20.18.1
[debug] [2026-01-20T14:59:52.148Z] Time:          Tue Jan 20 2026 23:59:52 GMT+0900 (대한민국 표준시)
[debug] [2026-01-20T14:59:52.148Z] ----------------------------------------------------------------------
[debug] 
[debug] [2026-01-20T14:59:53.073Z] > command requires scopes: ["email","openid","https://www.googleapis.com/auth/cloudplatformprojects.readonly","https://www.googleapis.com/auth/firebase","https://www.googleapis.com/auth/cloud-platform"]
[debug] [2026-01-20T14:59:53.073Z] > authorizing via signed-in user (kswen0203@gmail.com)
[debug] [2026-01-20T14:59:53.073Z] [iam] checking project promiso-20274 for permissions ["cloudfunctions.functions.create","cloudfunctions.functions.delete","cloudfunctions.functions.get","cloudfunctions.functions.list","cloudfunctions.functions.update","cloudfunctions.operations.get","firebase.projects.get"]
[debug] [2026-01-20T14:59:53.074Z] Checked if tokens are valid: true, expires at: 1768922905053
[debug] [2026-01-20T14:59:53.074Z] Checked if tokens are valid: true, expires at: 1768922905053
[debug] [2026-01-20T14:59:53.074Z] >>> [apiv2][query] POST https://cloudresourcemanager.googleapis.com/v1/projects/promiso-20274:testIamPermissions [none]
[debug] [2026-01-20T14:59:53.074Z] >>> [apiv2][(partial)header] POST https://cloudresourcemanager.googleapis.com/v1/projects/promiso-20274:testIamPermissions x-goog-quota-user=projects/promiso-20274
[debug] [2026-01-20T14:59:53.074Z] >>> [apiv2][body] POST https://cloudresourcemanager.googleapis.com/v1/projects/promiso-20274:testIamPermissions {"permissions":["cloudfunctions.functions.create","cloudfunctions.functions.delete","cloudfunctions.functions.get","cloudfunctions.functions.list","cloudfunctions.functions.update","cloudfunctions.operations.get","firebase.projects.get"]}
[debug] [2026-01-20T14:59:53.292Z] <<< [apiv2][status] POST https://cloudresourcemanager.googleapis.com/v1/projects/promiso-20274:testIamPermissions 200
[debug] [2026-01-20T14:59:53.292Z] <<< [apiv2][body] POST https://cloudresourcemanager.googleapis.com/v1/projects/promiso-20274:testIamPermissions {"permissions":["cloudfunctions.functions.create","cloudfunctions.functions.delete","cloudfunctions.functions.get","cloudfunctions.functions.list","cloudfunctions.functions.update","cloudfunctions.operations.get","firebase.projects.get"]}
[debug] [2026-01-20T14:59:53.293Z] Checked if tokens are valid: true, expires at: 1768922905053
[debug] [2026-01-20T14:59:53.293Z] Checked if tokens are valid: true, expires at: 1768922905053
[debug] [2026-01-20T14:59:53.293Z] >>> [apiv2][query] POST https://iam.googleapis.com/v1/projects/promiso-20274/serviceAccounts/promiso-20274@appspot.gserviceaccount.com:testIamPermissions [none]
[debug] [2026-01-20T14:59:53.293Z] >>> [apiv2][body] POST https://iam.googleapis.com/v1/projects/promiso-20274/serviceAccounts/promiso-20274@appspot.gserviceaccount.com:testIamPermissions {"permissions":["iam.serviceAccounts.actAs"]}
[debug] [2026-01-20T14:59:54.240Z] <<< [apiv2][status] POST https://iam.googleapis.com/v1/projects/promiso-20274/serviceAccounts/promiso-20274@appspot.gserviceaccount.com:testIamPermissions 200
[debug] [2026-01-20T14:59:54.241Z] <<< [apiv2][body] POST https://iam.googleapis.com/v1/projects/promiso-20274/serviceAccounts/promiso-20274@appspot.gserviceaccount.com:testIamPermissions {"permissions":["iam.serviceAccounts.actAs"]}
[info] 
[info] === Deploying to 'promiso-20274'...
[info] 
[info] i  deploying functions 
[info] Running command: npm --prefix "$RESOURCE_DIR" run lint
[info] Running command: npm --prefix "$RESOURCE_DIR" run build
